[
  {
    "TestCase": {
      "Id": "6782c2f7-da7d-1106-e05f-badd5b7660e8",
      "FullyQualifiedName": "hello_lib.tests.fibonacci_test.case_1",
      "DisplayName": "case_1",
      "ExecutorUri": "executor://RustTestExecutor/v1",
      "Source": "<TestRoot>\\hello_library\\target\\release\\hello_lib_libhello_lib.rusttests",
      "CodeFilePath": "<TestRoot>\\hello_library\\src\\lib.rs",
      "LineNumber": 32,
      "Properties": []
    },
    "Attachments": [],
    "Outcome": 1,
    "ErrorMessage": "",
    "ErrorStackTrace": null,
    "DisplayName": "hello_lib.tests.fibonacci_test.case_1",
    "Messages": [],
    "ComputerName": null,
    "Duration": "00:00:00",


    "Properties": []
  },
  {
    "TestCase": {
      "Id": "2a4db758-57e7-6f77-aafc-942b108f6e2f",
      "FullyQualifiedName": "hello_lib.tests.fibonacci_test.case_2",
      "DisplayName": "case_2",
      "ExecutorUri": "executor://RustTestExecutor/v1",
      "Source": "<TestRoot>\\hello_library\\target\\release\\hello_lib_libhello_lib.rusttests",
      "CodeFilePath": "<TestRoot>\\hello_library\\src\\lib.rs",
      "LineNumber": 32,
      "Properties": []
    },
    "Attachments": [],
    "Outcome": 1,
    "ErrorMessage": "",
    "ErrorStackTrace": null,
    "DisplayName": "hello_lib.tests.fibonacci_test.case_2",
    "Messages": [],
    "ComputerName": null,
    "Duration": "00:00:00",


    "Properties": []
  },
  {
    "TestCase": {
      "Id": "d78bc0e1-7d95-caff-4ad7-a3f039bb4bcc",
      "FullyQualifiedName": "hello_lib.tests.fibonacci_test.case_3",
      "DisplayName": "case_3",
      "ExecutorUri": "executor://RustTestExecutor/v1",
      "Source": "<TestRoot>\\hello_library\\target\\release\\hello_lib_libhello_lib.rusttests",
      "CodeFilePath": "<TestRoot>\\hello_library\\src\\lib.rs",
      "LineNumber": 32,
      "Properties": []
    },
    "Attachments": [],
    "Outcome": 2,
    "ErrorMessage": "\nthread 'tests::fibonacci_test::case_3' panicked at src\\lib.rs:33:9:\nassertion `left == right` failed\n  left: 1\n right: 2\n",
    "ErrorStackTrace": null,
    "DisplayName": "hello_lib.tests.fibonacci_test.case_3",
    "Messages": [],
    "ComputerName": null,
    "Duration": "00:00:00",


    "Properties": []
  },
  {
    "TestCase": {
      "Id": "76730596-697e-fd43-cf41-d4c3e5549e99",
      "FullyQualifiedName": "hello_lib.tests.it_works",
      "DisplayName": "it_works",
      "ExecutorUri": "executor://RustTestExecutor/v1",
      "Source": "<TestRoot>\\hello_library\\target\\release\\hello_lib_libhello_lib.rusttests",
      "CodeFilePath": "<TestRoot>\\hello_library\\src\\lib.rs",
      "LineNumber": 17,
      "Properties": []
    },
    "Attachments": [],
    "Outcome": 1,
    "ErrorMessage": "",
    "ErrorStackTrace": null,
    "DisplayName": "hello_lib.tests.it_works",
    "Messages": [],
    "ComputerName": null,
    "Duration": "00:00:00",


    "Properties": []
  },
  {
    "TestCase": {
      "Id": "de0ea079-0e84-c1e8-3dcf-f97ea1311648",
      "FullyQualifiedName": "hello_lib.tests.it_works245_ignored",
      "DisplayName": "it_works245_ignored",
      "ExecutorUri": "executor://RustTestExecutor/v1",
      "Source": "<TestRoot>\\hello_library\\target\\release\\hello_lib_libhello_lib.rusttests",
      "CodeFilePath": "<TestRoot>\\hello_library\\src\\lib.rs",
      "LineNumber": 24,
      "Properties": []
    },
    "Attachments": [],
    "Outcome": 3,
    "ErrorMessage": "ignored for now!",
    "ErrorStackTrace": null,
    "DisplayName": "hello_lib.tests.it_works245_ignored",
    "Messages": [],
    "ComputerName": null,
    "Duration": "00:00:00",


    "Properties": []
  },
  {
    "TestCase": {
      "Id": "40bf974a-b1ba-ae40-cb77-25554d0f1899",
      "FullyQualifiedName": "hello_lib.tests.long_running_test",
      "DisplayName": "long_running_test",
      "ExecutorUri": "executor://RustTestExecutor/v1",
      "Source": "<TestRoot>\\hello_library\\target\\release\\hello_lib_libhello_lib.rusttests",
      "CodeFilePath": "<TestRoot>\\hello_library\\src\\lib.rs",
      "LineNumber": 66,
      "Properties": []
    },
    "Attachments": [],
    "Outcome": 1,
    "ErrorMessage": "",
    "ErrorStackTrace": null,
    "DisplayName": "hello_lib.tests.long_running_test",
    "Messages": [],
    "ComputerName": null,
    "Duration": "00:00:00.2000000"


    "Properties": []
  },
  {
    "TestCase": {
      "Id": "4d549d49-dd0d-f98e-78b0-7b8169955641",
      "FullyQualifiedName": "hello_lib.tests.multiplication_tests.when_both_operands_are_negative",
      "DisplayName": "when_both_operands_are_negative",
      "ExecutorUri": "executor://RustTestExecutor/v1",
      "Source": "<TestRoot>\\hello_library\\target\\release\\hello_lib_libhello_lib.rusttests",
      "CodeFilePath": "<TestRoot>\\hello_library\\src\\lib.rs",
      "LineNumber": 51,
      "Properties": []
    },
    "Attachments": [],
    "Outcome": 1,
    "ErrorMessage": "",
    "ErrorStackTrace": null,
    "DisplayName": "hello_lib.tests.multiplication_tests.when_both_operands_are_negative",
    "Messages": [],
    "ComputerName": null,
    "Duration": "00:00:00",


    "Properties": []
  },
  {
    "TestCase": {
      "Id": "c6b68734-9a99-3571-c3fe-b18c48181838",
      "FullyQualifiedName": "hello_lib.tests.multiplication_tests.when_both_operands_are_positive",
      "DisplayName": "when_both_operands_are_positive",
      "ExecutorUri": "executor://RustTestExecutor/v1",
      "Source": "<TestRoot>\\hello_library\\target\\release\\hello_lib_libhello_lib.rusttests",
      "CodeFilePath": "<TestRoot>\\hello_library\\src\\lib.rs",
      "LineNumber": 51,
      "Properties": []
    },
    "Attachments": [],
    "Outcome": 1,
    "ErrorMessage": "",
    "ErrorStackTrace": null,
    "DisplayName": "hello_lib.tests.multiplication_tests.when_both_operands_are_positive",
    "Messages": [],
    "ComputerName": null,
    "Duration": "00:00:00",


    "Properties": []
  },
  {
    "TestCase": {
      "Id": "6a346c0c-ab11-91b9-7ecf-e0f2fc023470",
      "FullyQualifiedName": "hello_lib.tests.multiplication_tests.when_operands_are_swapped",
      "DisplayName": "when_operands_are_swapped",
      "ExecutorUri": "executor://RustTestExecutor/v1",
      "Source": "<TestRoot>\\hello_library\\target\\release\\hello_lib_libhello_lib.rusttests",
      "CodeFilePath": "<TestRoot>\\hello_library\\src\\lib.rs",
      "LineNumber": 51,
      "Properties": []
    },
    "Attachments": [],
    "Outcome": 1,
    "ErrorMessage": "",
    "ErrorStackTrace": null,
    "DisplayName": "hello_lib.tests.multiplication_tests.when_operands_are_swapped",
    "Messages": [],
    "ComputerName": null,
    "Duration": "00:00:00",


    "Properties": []
  },
  {
    "TestCase": {
      "Id": "12be2792-6f7a-d121-9cc5-86e8221677d1",
      "FullyQualifiedName": "hello_lib.tests.should_fail",
      "DisplayName": "should_fail",
      "ExecutorUri": "executor://RustTestExecutor/v1",
      "Source": "<TestRoot>\\hello_library\\target\\release\\hello_lib_libhello_lib.rusttests",
      "CodeFilePath": "<TestRoot>\\hello_library\\src\\lib.rs",
      "LineNumber": 47,
      "Properties": []
    },
    "Attachments": [],
    "Outcome": 2,
    "ErrorMessage": "\nthread 'tests::should_fail' panicked at src\\lib.rs:48:9:\nassertion `left != right` failed\n  left: 42\n right: 42\n",
    "ErrorStackTrace": null,
    "DisplayName": "hello_lib.tests.should_fail",
    "Messages": [],
    "ComputerName": null,
    "Duration": "00:00:00",


    "Properties": []
  },
  {
    "TestCase": {
      "Id": "1929472f-5da4-283e-d2d6-9dc3ff336be3",
      "FullyQualifiedName": "hello_lib.tests.should_success",
      "DisplayName": "should_success",
      "ExecutorUri": "executor://RustTestExecutor/v1",
      "Source": "<TestRoot>\\hello_library\\target\\release\\hello_lib_libhello_lib.rusttests",
      "CodeFilePath": "<TestRoot>\\hello_library\\src\\lib.rs",
      "LineNumber": 42,
      "Properties": []
    },
    "Attachments": [],
    "Outcome": 1,
    "ErrorMessage": "",
    "ErrorStackTrace": null,
    "DisplayName": "hello_lib.tests.should_success",
    "Messages": [],
    "ComputerName": null,
    "Duration": "00:00:00",


    "Properties": []
  },
  {
    "TestCase": {
      "Id": "6d251830-b822-840b-1c4d-7b80f05e7f83",
      "FullyQualifiedName": "int_tests.tests.int_test_1",
      "DisplayName": "int_test_1",
      "ExecutorUri": "executor://RustTestExecutor/v1",
      "Source": "<TestRoot>\\hello_library\\target\\release\\hello_lib_libhello_lib.rusttests",
      "CodeFilePath": "<TestRoot>\\hello_library\\tests\\int_tests.rs",
      "LineNumber": 4,
      "Properties": []
    },
    "Attachments": [],
    "Outcome": 1,
    "ErrorMessage": "",
    "ErrorStackTrace": null,
    "DisplayName": "int_tests.tests.int_test_1",
    "Messages": [],
    "ComputerName": null,
    "Duration": "00:00:00",


    "Properties": []
  }
]